---
source: integration_tests/tests/integration_tests/show_fungible_flag_tests.rs
expression: response
snapshot_kind: text
---
{
  "interface": "FungibleToken",
  "id": "J1toso1uCk3RLmjorhTtrVwY9HJ7X8V9yYac6Y7kGCPn",
  "authorities": [],
  "compression": {
    "eligible": false,
    "compressed": false,
    "data_hash": "",
    "creator_hash": "",
    "asset_hash": "",
    "tree": "",
    "seq": 0,
    "leaf_id": 0
  },
  "grouping": [],
  "royalty": {
    "royalty_model": "creators",
    "target": null,
    "percent": 0.0,
    "basis_points": 0,
    "primary_sale_happened": false,
    "locked": false
  },
  "creators": [],
  "ownership": {
    "frozen": false,
    "delegated": false,
    "delegate": null,
    "ownership_model": "token",
    "owner": ""
  },
  "mutable": false,
  "burnt": false,
  "token_info": {
    "supply": 12434210592536617,
    "decimals": 9,
    "token_program": "TokenkegQfeZyiNwAJbNbGKPFXCWuBvf9Ss623VQ5DA",
    "mint_authority": "6iQKfEyhr3bZMotVkW6beNZz5CPAkiwvgV2CTje9pVSS"
  }
}
